//init
O : /storage/img/TileFloor1.png
S : Spawn/0
0 : /storage/img/TileFloor1-1.png
W : /storage/img/TileWall1.png
D : /storage/img/TileWall2.png

---
WWWWWWWWWWW
OOOOO0OOOOOOOOOOOOOOOOOOOOOOOOOOOOOOOOOOOOOOOOOOOOO
OOO00000OOOOOOOOOOOOOOOOOOOOOOOOOOOOOOOOOOOOOOOOOOO
OO0OO0OO0OOOOOOOOOOOOOOOOOOOOOOOOOOOOOOOOOOOOOOOOOO
O0OOO0OOO0OOOOOOOOOOOOOOOOOOOOOOOOOOOOOOOOOOOOOOOOO
0OO00000OO0OOOOOOOOOOOOOOOOOOOOOOOOOOOOOOOOOOOOOOOO
0OOO000OOO0OOOOOOOOOOOOOOOOOOOOOOOOOOOOOOOOOOOOOOOO
0OOOOSOOOO0OOOOOOOOOOOOOOOOOOOOOOOOOOOOOOOOOOOOOOOO
0O000O000O0OOOOOOOOOOOOOOOOOOOOOOOOOOOOOOOOOOOOOOOO
0OO00O00OO0OOOOOOOOOOOOOOOOOOOOOOOOOOOOOOOOOOOOOOOO
0O0O0O0O0O0OOOOOOOOOOOOOOOOOOOOOOOOOOOOOOOOOOOOOOOO
O0OOOOOOO0OOOOOOOOOOOOOOOOOOOOOOOOOOOOOOOOOOOOOOOOO
0O0OOOOO0O0OOOOOOOOOOOOOOOOOOOOOOOOOOOOOOOOOOOOOOOO
OOO00000OOOOOOOOOOOOOOOOOOOOOOOOOOOOOOOOOOOOOOOOOOO
OOOOOOOOOOOOOOOOOOOOOOOOOOOOOOOOOOOOOOOOOOOOOOOOOOO
OOOOOOOOOOOOOOOOOOOOOOOOOOOOOOOOOOOOOOOOOOOOOOOOOOO
OOOOOOOOOOOOOOOOOOOOOOOOOOOOOOOOOOOOOOOOOOOOOOOOOOO
OOOOOOOOOOOOOOOOOOOOOOOOOOOOOOOOOOOOOOOOOOOOOOOOOOO
OOOOOOOOOOOOOOOOOOOOOOOOOOOOOOOOOOOOOOOOOOOOOOOOOOO